 app/barista/[id]/page.jsx               |    8 +-
 app/forgot-password/page.jsx            |    2 +-
 app/jobs/[id]/page.jsx                  |    6 +-
 app/messages/page.jsx                   |    2 +-
 app/onboarding/barista/page.jsx         |   12 +-
 app/page.jsx                            |   10 +-
 app/signup/page.jsx                     |    2 +-
 components/barista/ApplicationsList.jsx |    4 +-
 components/barista/ProfileEditor.jsx    |   16 +-
 components/cards/BaristaCard.jsx        |    2 +-
 components/cards/JobCard.jsx            |    2 +-
 components/chat/ChatWindow.jsx          |    6 +-
 components/jobs/JobFeed.jsx             |    8 +-
 components/jobs/JobManageCard.jsx       |    2 +-
 components/jobs/JobPostForm.jsx         |    2 +-
 components/layout/BottomNav.jsx         |    2 +-
 components/layout/Footer.jsx            |    2 +-
 components/owner/ApplicantsBoard.jsx    |    4 +-
 components/owner/BusinessForm.jsx       |    2 +-
 components/search/BaristaDirectory.jsx  |   10 +-
 components/ui/Button.jsx                |    2 +-
 components/ui/EmptyState.jsx            |    2 +-
 components/ui/Skeleton.jsx              |    2 +-
 netlify.toml                            |    2 +-
 package-lock.json                       | 2714 ++++++++++++++++++++++++++++---
 package.json                            |    2 +-
 wiki/white-on-white-dark-theme-fix.md   |   46 +
 27 files changed, 2627 insertions(+), 247 deletions(-)
